
> school@0.0.0 build
> vite build

[36mvite v7.3.1 [32mbuilding client environment for production...[36m[39m
transforming...
node.exe : 
At line:1 char:1
+ & "C:\Program Files\
nodejs/node.exe" 
"C:\Program 
Files\nodejs/node_mo 
...
+ ~~~~~~~~~~~~~~~~~~~~
~~~~~~~~~~~~~~~~~~~~~~
~~~~~~~~~~~~~~~~~~~~~~
~~~~~
    + CategoryInfo    
          : NotSpeci  
  fied: (:String) [   
 ], RemoteExceptio    
n
    + FullyQualifiedE 
   rrorId : NativeCo  
  mmandError
 
../assets/gallery-bg.j
pg referenced in ../as
sets/gallery-bg.jpg 
didn't resolve at 
build time, it will 
remain unchanged to 
be resolved at runtime

../assets/academics-bg
.jpg referenced in ../
assets/academics-bg.jp
g didn't resolve at 
build time, it will 
remain unchanged to 
be resolved at runtime

../assets/facilities-b
g.jpg referenced in ..
/assets/facilities-bg.
jpg didn't resolve at 
build time, it will 
remain unchanged to 
be resolved at runtime
[32mΓ£ô[39m 943 modules transformed.
rendering chunks...
computing gzip size...
[2mdist/[22m[32mindex.html                       [39m[1m[2m    0.45 kB[22m[1m[22m[2m Γöé gzip:   0.29 kB[22m
[2mdist/[22m[32massets/chairman-BuzCeXXx.png     [39m[1m[2m   20.83 kB[22m[1m[22m
[2mdist/[22m[32massets/campus1-9NTDDNtm.png      [39m[1m[2m   98.20 kB[22m[1m[22m
[2mdist/[22m[32massets/campus-map-BzC3Ayl8.png   [39m[1m[2m   98.37 kB[22m[1m[22m
[2mdist/[22m[32massets/campus-360-co0e1o1N.png   [39m[1m[2m   98.78 kB[22m[1m[22m
[2mdist/[22m[32massets/divyanshi-BA3ZwxIT.png    [39m[1m[2m  133.67 kB[22m[1m[22m
[2mdist/[22m[32massets/founders-DAWbqWZz.png     [39m[1m[2m  238.55 kB[22m[1m[22m
[2mdist/[22m[32massets/hero3-nZniWnOm.jpg        [39m[1m[2m  278.51 kB[22m[1m[22m
[2mdist/[22m[32massets/hero4-CL4md-fN.jpg        [39m[1m[2m  323.18 kB[22m[1m[22m
[2mdist/[22m[32massets/hero11-DLLcBd1u.jpg       [39m[1m[2m  328.78 kB[22m[1m[22m
[2mdist/[22m[32massets/photo1-BA3IkzIW.png       [39m[1m[2m  390.00 kB[22m[1m[22m
[2mdist/[22m[32massets/hero1-5_tss_xl.png        [39m[1m[2m  441.30 kB[22m[1m[22m
[2mdist/[22m[32massets/hero15-CvDU-i-a.jpg       [39m[1m[2m  459.29 kB[22m[1m[22m
[2mdist/[22m[32massets/hero2-DLklbWvg.jpg        [39m[1m[2m  465.43 kB[22m[1m[22m
[2mdist/[22m[32massets/school-logo-Cjb_Ga2b.png  [39m[1m[2m  564.88 kB[22m[1m[22m
[2mdist/[22m[32massets/photo3-CIihjVP-.png       [39m[1m[2m  598.99 kB[22m[1m[22m
[2mdist/[22m[32massets/photo4-BcAdVI3W.png       [39m[1m[2m  605.24 kB[22m[1m[22m
[2mdist/[22m[32massets/hero10-CCeUE8-w.png       [39m[1m[2m  631.72 kB[22m[1m[22m
[2mdist/[22m[32massets/photo5-CuLxcI1Y.png       [39m[1m[2m  660.57 kB[22m[1m[22m
[2mdist/[22m[32massets/hero14-CDlvI0ZV.png       [39m[1m[2m  715.26 kB[22m[1m[22m
[2mdist/[22m[32massets/hero6-CxCVFdyI.png        [39m[1m[2m  751.58 kB[22m[1m[22m
[2mdist/[22m[32massets/hero9-C2CuIipu.png        [39m[1m[2m  858.08 kB[22m[1m[22m
[2mdist/[22m[35massets/index-BKef80l5.css        [39m[1m[2m  237.20 kB[22m[1m[22m[2m Γöé gzip:  41.57 kB[22m
[2mdist/[22m[36massets/index-BzpZIW5g.js         [39m[1m[33m2,782.99 kB[39m[22m[2m Γöé gzip: 728.33 kB[22m
[33m
(!) Some chunks are 
larger than 500 kB 
after minification. 
Consider:
- Using dynamic 
import() to 
code-split the 
application
- Use build.rollupOpti
ons.output.manualChunk
s to improve 
chunking: https://roll
upjs.org/configuration
-options/#output-manua
lchunks
- Adjust chunk size 
limit for this 
warning via build.chun
kSizeWarningLimit.[39
m
[32mΓ£ô built in 13.87s[39m
